// Jest Snapshot v1, https://goo.gl/fbAQLP

exports[`accountScreen test Account Screen Test 1`] = `
<RCTScrollView
  pagingEnabled={true}
>
  <View>
    <View
      style={
        Object {
          "padding": 20,
        }
      }
    >
      <View
        style={
          Object {
            "backgroundColor": "#1d7874",
          }
        }
      >
        <View
          style={
            Object {
              "alignItems": "center",
              "justifyContent": "center",
              "marginTop": 50,
            }
          }
        >
          <Text />
        </View>
        <View
          style={
            Object {
              "alignItems": "center",
              "flexDirection": "row",
              "fontWeight": "bold",
              "justifyContent": "space-between",
              "padding": 30,
            }
          }
        >
          <Image
            source={1}
            style={
              Object {
                "borderRadius": 17,
                "height": 75,
                "width": 75,
                "zIndex": 10,
              }
            }
          />
          <View>
            <Image />
            <Text />
            <Text>
              a@a.com
            </Text>
          </View>
        </View>
      </View>
      <View>
        <View
          accessible={true}
          focusable={true}
          onClick={[Function]}
          onResponderGrant={[Function]}
          onResponderMove={[Function]}
          onResponderRelease={[Function]}
          onResponderTerminate={[Function]}
          onResponderTerminationRequest={[Function]}
          onStartShouldSetResponder={[Function]}
          style={
            Object {
              "backgroundColor": "#1d7874",
              "borderRadius": 25,
              "flexDirection": "row",
              "marginVertical": 20,
              "padding": 10,
              "width": "100%",
            }
          }
        >
          <Text />
          <Text
            style={
              Array [
                Object {
                  "fontFamily": "Optima",
                  "fontSize": 20,
                },
                Object {
                  "flex": 1,
                },
              ]
            }
          >
             
             
            Categories
             
             
          </Text>
          <Text />
        </View>
        <Modal
          animationType="slide"
          hardwareAccelerated={false}
          visible={false}
        >
          <View>
            <View
              accessibilityRole="button"
              accessibilityState={Object {}}
              accessible={true}
              focusable={true}
              onClick={[Function]}
              onResponderGrant={[Function]}
              onResponderMove={[Function]}
              onResponderRelease={[Function]}
              onResponderTerminate={[Function]}
              onResponderTerminationRequest={[Function]}
              onStartShouldSetResponder={[Function]}
              style={
                Object {
                  "opacity": 1,
                }
              }
            >
              <View
                style={
                  Array [
                    Object {},
                  ]
                }
              >
                <Text
                  style={
                    Array [
                      Object {
                        "color": "#007AFF",
                        "fontSize": 18,
                        "margin": 8,
                        "textAlign": "center",
                      },
                    ]
                  }
                >
                  Close
                </Text>
              </View>
            </View>
            <RCTScrollView
              data={
                Array [
                  Object {
                    "backgroundColor": "red",
                    "icon": "flash",
                    "label": "Tourist spots",
                    "value": 1,
                  },
                  Object {
                    "backgroundColor": "red",
                    "icon": "flash",
                    "label": "Resorts",
                    "value": 2,
                  },
                  Object {
                    "backgroundColor": "red",
                    "icon": "flash",
                    "label": "Shop",
                    "value": 3,
                  },
                  Object {
                    "backgroundColor": "red",
                    "icon": "flash",
                    "label": "Things to do",
                    "value": 4,
                  },
                ]
              }
              disableVirtualization={false}
              getItem={[Function]}
              getItemCount={[Function]}
              horizontal={false}
              initialNumToRender={10}
              keyExtractor={[Function]}
              maxToRenderPerBatch={10}
              onContentSizeChange={[Function]}
              onEndReachedThreshold={2}
              onLayout={[Function]}
              onMomentumScrollEnd={[Function]}
              onScroll={[Function]}
              onScrollBeginDrag={[Function]}
              onScrollEndDrag={[Function]}
              removeClippedSubviews={false}
              renderItem={[Function]}
              scrollEventThrottle={50}
              stickyHeaderIndices={Array []}
              updateCellsBatchingPeriod={50}
              viewabilityConfigCallbackPairs={Array []}
              windowSize={21}
            >
              <View>
                <View
                  onLayout={[Function]}
                  style={null}
                >
                  <View
                    accessible={true}
                    focusable={false}
                    onClick={[Function]}
                    onResponderGrant={[Function]}
                    onResponderMove={[Function]}
                    onResponderRelease={[Function]}
                    onResponderTerminate={[Function]}
                    onResponderTerminationRequest={[Function]}
                    onStartShouldSetResponder={[Function]}
                    style={
                      Object {
                        "opacity": 1,
                      }
                    }
                  >
                    <View
                      style={
                        Object {
                          "alignItems": "center",
                          "backgroundColor": undefined,
                          "borderRadius": 20,
                          "height": 40,
                          "justifyContent": "center",
                          "width": 40,
                        }
                      }
                    >
                      <Text />
                    </View>
                    <Text
                      style={
                        Array [
                          Object {
                            "fontFamily": "Optima",
                            "fontSize": 20,
                          },
                          undefined,
                        ]
                      }
                    >
                       
                      Tourist spots
                       
                    </Text>
                  </View>
                </View>
                <View
                  onLayout={[Function]}
                  style={null}
                >
                  <View
                    accessible={true}
                    focusable={false}
                    onClick={[Function]}
                    onResponderGrant={[Function]}
                    onResponderMove={[Function]}
                    onResponderRelease={[Function]}
                    onResponderTerminate={[Function]}
                    onResponderTerminationRequest={[Function]}
                    onStartShouldSetResponder={[Function]}
                    style={
                      Object {
                        "opacity": 1,
                      }
                    }
                  >
                    <View
                      style={
                        Object {
                          "alignItems": "center",
                          "backgroundColor": undefined,
                          "borderRadius": 20,
                          "height": 40,
                          "justifyContent": "center",
                          "width": 40,
                        }
                      }
                    >
                      <Text />
                    </View>
                    <Text
                      style={
                        Array [
                          Object {
                            "fontFamily": "Optima",
                            "fontSize": 20,
                          },
                          undefined,
                        ]
                      }
                    >
                       
                      Resorts
                       
                    </Text>
                  </View>
                </View>
                <View
                  onLayout={[Function]}
                  style={null}
                >
                  <View
                    accessible={true}
                    focusable={false}
                    onClick={[Function]}
                    onResponderGrant={[Function]}
                    onResponderMove={[Function]}
                    onResponderRelease={[Function]}
                    onResponderTerminate={[Function]}
                    onResponderTerminationRequest={[Function]}
                    onStartShouldSetResponder={[Function]}
                    style={
                      Object {
                        "opacity": 1,
                      }
                    }
                  >
                    <View
                      style={
                        Object {
                          "alignItems": "center",
                          "backgroundColor": undefined,
                          "borderRadius": 20,
                          "height": 40,
                          "justifyContent": "center",
                          "width": 40,
                        }
                      }
                    >
                      <Text />
                    </View>
                    <Text
                      style={
                        Array [
                          Object {
                            "fontFamily": "Optima",
                            "fontSize": 20,
                          },
                          undefined,
                        ]
                      }
                    >
                       
                      Shop
                       
                    </Text>
                  </View>
                </View>
                <View
                  onLayout={[Function]}
                  style={null}
                >
                  <View
                    accessible={true}
                    focusable={false}
                    onClick={[Function]}
                    onResponderGrant={[Function]}
                    onResponderMove={[Function]}
                    onResponderRelease={[Function]}
                    onResponderTerminate={[Function]}
                    onResponderTerminationRequest={[Function]}
                    onStartShouldSetResponder={[Function]}
                    style={
                      Object {
                        "opacity": 1,
                      }
                    }
                  >
                    <View
                      style={
                        Object {
                          "alignItems": "center",
                          "backgroundColor": undefined,
                          "borderRadius": 20,
                          "height": 40,
                          "justifyContent": "center",
                          "width": 40,
                        }
                      }
                    >
                      <Text />
                    </View>
                    <Text
                      style={
                        Array [
                          Object {
                            "fontFamily": "Optima",
                            "fontSize": 20,
                          },
                          undefined,
                        ]
                      }
                    >
                       
                      Things to do
                       
                    </Text>
                  </View>
                </View>
              </View>
            </RCTScrollView>
          </View>
        </Modal>
      </View>
      <View
        style={
          Object {
            "backgroundColor": "#fff",
          }
        }
      >
        <Text
          style={
            Array [
              Object {
                "fontFamily": "Optima",
                "fontSize": 20,
              },
              Object {
                "alignItems": "center",
                "fontFamily": "Roboto",
                "fontSize": 25,
                "fontWeight": "bold",
              },
            ]
          }
        >
           
          Places you've visited in the past 
           
        </Text>
        <View>
          <View
            accessible={true}
            focusable={false}
            onClick={[Function]}
            onResponderGrant={[Function]}
            onResponderMove={[Function]}
            onResponderRelease={[Function]}
            onResponderTerminate={[Function]}
            onResponderTerminationRequest={[Function]}
            onStartShouldSetResponder={[Function]}
          >
            <View
              style={
                Object {
                  "backgroundColor": "#1d7874",
                  "borderRadius": 20,
                  "marginBottom": 25,
                  "overflow": "hidden",
                }
              }
            >
              <Image
                source={1}
                style={
                  Object {
                    "height": 200,
                    "width": "100%",
                  }
                }
              />
              <Text
                style={
                  Array [
                    Object {
                      "fontFamily": "Optima",
                      "fontSize": 20,
                    },
                    Object {
                      "alignItems": "center",
                      "color": "#fff",
                      "fontFamily": "Roboto",
                      "fontSize": 20,
                      "fontWeight": "bold",
                    },
                  ]
                }
              >
                 
                 
                Bora Bora
                 
                 
              </Text>
              <Text
                style={
                  Array [
                    Object {
                      "fontFamily": "Optima",
                      "fontSize": 20,
                    },
                    Object {
                      "alignItems": "center",
                      "color": "#fff",
                      "fontFamily": "Roboto",
                      "fontSize": 15,
                    },
                  ]
                }
              >
                 
                 
                Visited on 4th June 2019
                 
                 
              </Text>
            </View>
          </View>
          <View
            accessibilityRole="button"
            accessibilityState={Object {}}
            accessible={true}
            focusable={true}
            onClick={[Function]}
            onResponderGrant={[Function]}
            onResponderMove={[Function]}
            onResponderRelease={[Function]}
            onResponderTerminate={[Function]}
            onResponderTerminationRequest={[Function]}
            onStartShouldSetResponder={[Function]}
            style={
              Object {
                "opacity": 1,
              }
            }
            testID="TID8"
          >
            <View
              style={
                Array [
                  Object {},
                ]
              }
            >
              <Text
                style={
                  Array [
                    Object {
                      "color": "#007AFF",
                      "fontSize": 18,
                      "margin": 8,
                      "textAlign": "center",
                    },
                  ]
                }
              >
                delete
              </Text>
            </View>
          </View>
        </View>
        <View>
          <View
            accessible={true}
            focusable={false}
            onClick={[Function]}
            onResponderGrant={[Function]}
            onResponderMove={[Function]}
            onResponderRelease={[Function]}
            onResponderTerminate={[Function]}
            onResponderTerminationRequest={[Function]}
            onStartShouldSetResponder={[Function]}
          >
            <View
              style={
                Object {
                  "backgroundColor": "#1d7874",
                  "borderRadius": 20,
                  "marginBottom": 25,
                  "overflow": "hidden",
                }
              }
            >
              <Image
                source={1}
                style={
                  Object {
                    "height": 200,
                    "width": "100%",
                  }
                }
              />
              <Text
                style={
                  Array [
                    Object {
                      "fontFamily": "Optima",
                      "fontSize": 20,
                    },
                    Object {
                      "alignItems": "center",
                      "color": "#fff",
                      "fontFamily": "Roboto",
                      "fontSize": 20,
                      "fontWeight": "bold",
                    },
                  ]
                }
              >
                 
                 
                Switzerland
                 
                 
              </Text>
              <Text
                style={
                  Array [
                    Object {
                      "fontFamily": "Optima",
                      "fontSize": 20,
                    },
                    Object {
                      "alignItems": "center",
                      "color": "#fff",
                      "fontFamily": "Roboto",
                      "fontSize": 15,
                    },
                  ]
                }
              >
                 
                 
                Visted on 8th March 2018
                 
                 
              </Text>
            </View>
          </View>
          <View
            accessibilityRole="button"
            accessibilityState={Object {}}
            accessible={true}
            focusable={true}
            onClick={[Function]}
            onResponderGrant={[Function]}
            onResponderMove={[Function]}
            onResponderRelease={[Function]}
            onResponderTerminate={[Function]}
            onResponderTerminationRequest={[Function]}
            onStartShouldSetResponder={[Function]}
            style={
              Object {
                "opacity": 1,
              }
            }
            testID="TID9"
          >
            <View
              style={
                Array [
                  Object {},
                ]
              }
            >
              <Text
                style={
                  Array [
                    Object {
                      "color": "#007AFF",
                      "fontSize": 18,
                      "margin": 8,
                      "textAlign": "center",
                    },
                  ]
                }
              >
                delete
              </Text>
            </View>
          </View>
        </View>
      </View>
      <View>
        <TextInput
          allowFontScaling={true}
          autoCapitalize="none"
          autoCorrect={false}
          onChangeText={[Function]}
          placeholder="Image URl"
          rejectResponderTermination={true}
          testID="imageText"
          textContentType="imageText"
          underlineColorAndroid="transparent"
        />
        <TextInput
          allowFontScaling={true}
          autoCapitalize="none"
          autoCorrect={false}
          keyboardType="Title"
          onChangeText={[Function]}
          placeholder="Title"
          rejectResponderTermination={true}
          testID="accountTitleText"
          textContentType="accountTitleText"
          underlineColorAndroid="transparent"
        />
        <TextInput
          allowFontScaling={true}
          autoCapitalize="none"
          autoCorrect={false}
          onChangeText={[Function]}
          placeholder="Sub Title"
          rejectResponderTermination={true}
          testID="accountSubTitleText"
          textContentType="accountSubTitleText"
          underlineColorAndroid="transparent"
        />
      </View>
      <View
        accessibilityRole="button"
        accessibilityState={Object {}}
        accessible={true}
        focusable={true}
        onClick={[Function]}
        onResponderGrant={[Function]}
        onResponderMove={[Function]}
        onResponderRelease={[Function]}
        onResponderTerminate={[Function]}
        onResponderTerminationRequest={[Function]}
        onStartShouldSetResponder={[Function]}
        style={
          Object {
            "opacity": 1,
          }
        }
        testID="AddPlace"
      >
        <View
          style={
            Array [
              Object {},
            ]
          }
        >
          <Text
            style={
              Array [
                Object {
                  "color": "#007AFF",
                  "fontSize": 18,
                  "margin": 8,
                  "textAlign": "center",
                },
              ]
            }
          >
            Add Place
          </Text>
        </View>
      </View>
    </View>
  </View>
</RCTScrollView>
`;
