// Jest Snapshot v1, https://goo.gl/fbAQLP

exports[`Travel Screen test Account Screen Test 1`] = `
<RCTScrollView
  pagingEnabled={true}
>
  <View>
    <View
      style={
        Object {
          "backgroundColor": "#071e22",
          "flex": 1,
        }
      }
    >
      <Text
        style={
          Array [
            Object {
              "fontFamily": "Optima",
              "fontSize": 20,
            },
            Object {
              "alignItems": "center",
              "color": "#fff",
              "fontFamily": "Roboto",
              "fontSize": 25,
              "fontWeight": "bold",
              "padding": 10,
            },
          ]
        }
      >
         
        Select your travel destination!
         
      </Text>
      <View
        accessible={true}
        focusable={false}
        onClick={[Function]}
        onResponderGrant={[Function]}
        onResponderMove={[Function]}
        onResponderRelease={[Function]}
        onResponderTerminate={[Function]}
        onResponderTerminationRequest={[Function]}
        onStartShouldSetResponder={[Function]}
      >
        <View
          style={
            Object {
              "backgroundColor": "#1d7874",
              "borderRadius": 20,
              "marginBottom": 25,
              "overflow": "hidden",
            }
          }
        >
          <Image
            source={1}
            style={
              Object {
                "height": 200,
                "width": "100%",
              }
            }
          />
          <Text
            style={
              Array [
                Object {
                  "fontFamily": "Optima",
                  "fontSize": 20,
                },
                Object {
                  "alignItems": "center",
                  "color": "#fff",
                  "fontFamily": "Roboto",
                  "fontSize": 20,
                  "fontWeight": "bold",
                },
              ]
            }
          >
             
             
            Bora Bora
             
             
          </Text>
          <Text
            style={
              Array [
                Object {
                  "fontFamily": "Optima",
                  "fontSize": 20,
                },
                Object {
                  "alignItems": "center",
                  "color": "#fff",
                  "fontFamily": "Roboto",
                  "fontSize": 15,
                },
              ]
            }
          >
             
             
            Undoubtedly the most celebrated island in the South Pacific, Bora Bora is French Polynesia's leading lady. 
             
             
          </Text>
        </View>
      </View>
      <View
        accessible={true}
        focusable={false}
        onClick={[Function]}
        onResponderGrant={[Function]}
        onResponderMove={[Function]}
        onResponderRelease={[Function]}
        onResponderTerminate={[Function]}
        onResponderTerminationRequest={[Function]}
        onStartShouldSetResponder={[Function]}
      >
        <View
          style={
            Object {
              "backgroundColor": "#1d7874",
              "borderRadius": 20,
              "marginBottom": 25,
              "overflow": "hidden",
            }
          }
        >
          <Image
            source={1}
            style={
              Object {
                "height": 200,
                "width": "100%",
              }
            }
          />
          <Text
            style={
              Array [
                Object {
                  "fontFamily": "Optima",
                  "fontSize": 20,
                },
                Object {
                  "alignItems": "center",
                  "color": "#fff",
                  "fontFamily": "Roboto",
                  "fontSize": 20,
                  "fontWeight": "bold",
                },
              ]
            }
          >
             
             
            Switzerland
             
             
          </Text>
          <Text
            style={
              Array [
                Object {
                  "fontFamily": "Optima",
                  "fontSize": 20,
                },
                Object {
                  "alignItems": "center",
                  "color": "#fff",
                  "fontFamily": "Roboto",
                  "fontSize": 15,
                },
              ]
            }
          >
             
             
            Switzerland, officially the Swiss Confederation, is a landlocked country situated at the confluence of Western, Central, and Southern Europe.
             
             
          </Text>
        </View>
      </View>
      <View
        accessible={true}
        focusable={false}
        onClick={[Function]}
        onResponderGrant={[Function]}
        onResponderMove={[Function]}
        onResponderRelease={[Function]}
        onResponderTerminate={[Function]}
        onResponderTerminationRequest={[Function]}
        onStartShouldSetResponder={[Function]}
      >
        <View
          style={
            Object {
              "backgroundColor": "#1d7874",
              "borderRadius": 20,
              "marginBottom": 25,
              "overflow": "hidden",
            }
          }
        >
          <Image
            source={1}
            style={
              Object {
                "height": 200,
                "width": "100%",
              }
            }
          />
          <Text
            style={
              Array [
                Object {
                  "fontFamily": "Optima",
                  "fontSize": 20,
                },
                Object {
                  "alignItems": "center",
                  "color": "#fff",
                  "fontFamily": "Roboto",
                  "fontSize": 20,
                  "fontWeight": "bold",
                },
              ]
            }
          >
             
             
            Mykonos
             
             
          </Text>
          <Text
            style={
              Array [
                Object {
                  "fontFamily": "Optima",
                  "fontSize": 20,
                },
                Object {
                  "alignItems": "center",
                  "color": "#fff",
                  "fontFamily": "Roboto",
                  "fontSize": 15,
                },
              ]
            }
          >
             
             
            Mykonos is a Greek island, part of the Cyclades, lying between Tinos, Syros, Paros and Naxos.
             
             
          </Text>
        </View>
      </View>
    </View>
    <View
      accessibilityRole="button"
      accessibilityState={Object {}}
      accessible={true}
      focusable={true}
      onClick={[Function]}
      onResponderGrant={[Function]}
      onResponderMove={[Function]}
      onResponderRelease={[Function]}
      onResponderTerminate={[Function]}
      onResponderTerminationRequest={[Function]}
      onStartShouldSetResponder={[Function]}
      style={
        Object {
          "opacity": 1,
        }
      }
      testID="showMore"
    >
      <View
        style={
          Array [
            Object {},
          ]
        }
      >
        <Text
          style={
            Array [
              Object {
                "color": "#007AFF",
                "fontSize": 18,
                "margin": 8,
                "textAlign": "center",
              },
            ]
          }
        >
          Show More Places
        </Text>
      </View>
    </View>
  </View>
</RCTScrollView>
`;
